// 重构日志: 6d365b90
// 重构日志: 391ed57b
// 重构日志: 7f0703b1
// 重构日志: 99fa703e
// 同步 ID: 78c7e046 @ Wed Jul  8 13:37:17 UTC 2026
// 重构日志: fac3e720
// 重构日志: dd1872c7
// 重构日志: b0cd93a3
// 重构日志: 395f9368
// 重构日志: cc100760
// 同步 ID: 74e3d0a9 @ Thu Jul 16 06:55:47 UTC 2026
// 同步 ID: 7a9905a8 @ Fri Jul 17 17:03:49 UTC 2026
// 重构日志: 0a4afb3b
// 重构日志: 3ff8ddaf
// 重构日志: 20b3ba33
// 重构日志: c8545572
// 同步 ID: 8b78412e @ Fri Jul 31 16:39:29 UTC 2026
// 重构日志: e7e9ab8d
// 同步 ID: 12d85490 @ Sat Aug  1 08:12:26 UTC 2026
// 重构日志: 07e0a677
// 同步 ID: de12cda0 @ Sat Aug  1 16:29:28 UTC 2026
// 重构日志: 1f5d3d32
// 重构日志: 5a53eb8c
// 重构日志: af85e1b0
